--- 2 min (5.55 ms/tick) rain so far 0.0% strikes 0 maxZombies 0 shotCells 0
   Flor · Farming · health 100% · hunger 50% · 42 planks, 3 foods, 4 tree seeds, 2 wheat seeds · wooden axe, wooden pickaxe, bucket, wooden sword · house stage 1 | Harvesting wheat
   Zeca · At home · health 100% · hunger 15% · 34 planks, 1 tree seed, 1 wheat seed · stone axe, stone pickaxe, bucket, wooden sword · house stage 1 | Relaxing at home
   wheat 10 ripe 4 fence 5 backwall 32 ladder 0 bed 6 rabbits 4 flowers 5 mushrooms 1 fireflies 0 bees 0 water 388 fire 0 zombies 0 doors 6 humans 2 gunpowder 0
--- 4 min (5.67 ms/tick) rain so far 9.4% strikes 0 maxZombies 1 shotCells 0
   Flor · At home · health 100% · hunger 40% · 42 planks, 7 foods, 4 tree seeds, 7 wheat seeds · wooden axe, wooden pickaxe, bucket, wooden sword · house stage 1 | Relaxing at home
   Zeca · At home · health 100% · hunger 40% · 34 planks, 1 tree seed · stone axe, stone pickaxe, bucket, wooden sword · house stage 1 | Relaxing at home
   wheat 3 ripe 6 fence 5 backwall 30 ladder 0 bed 5 rabbits 5 flowers 1 mushrooms 1 fireflies 0 bees 0 water 450 fire 0 zombies 0 doors 6 humans 2 gunpowder 0
--- 6 min (5.67 ms/tick) rain so far 6.2% strikes 0 maxZombies 1 shotCells 0
   Flor · At home · health 100% · hunger 35% · 38 planks, 11 foods, 3 tree seeds, 7 wheat seeds · wooden axe, wooden pickaxe, bucket, wooden sword · house stage 1 | Relaxing at home
   Zeca · At home · health 100% · hunger 35% · 30 planks, 2 tree seeds · stone axe, stone pickaxe, bucket, wooden sword · house stage 1 | Relaxing at home
   wheat 5 ripe 7 fence 8 backwall 27 ladder 0 bed 5 rabbits 2 flowers 0 mushrooms 0 fireflies 0 bees 0 water 411 fire 0 zombies 0 doors 6 humans 2 gunpowder 0
--- 8 min (5.32 ms/tick) rain so far 9.4% strikes 2 maxZombies 1 shotCells 0
   Flor · Mining · health 100% · hunger 24% · 2 logs, 42 planks, 3 stones, 12 foods, 4 tree seeds, 9 wheat seeds · wooden axe, wooden pickaxe, bucket, wooden sword · house stage 1 | Mining stone
   Zeca · Fishing · health 100% · hunger 25% · 30 planks, 1 food, 3 tree seeds · stone axe, stone pickaxe, bucket, wooden sword · house stage 1 | Going fishing
   wheat 2 ripe 6 fence 8 backwall 30 ladder 0 bed 4 rabbits 2 flowers 0 mushrooms 0 fireflies 0 bees 0 water 434 fire 0 zombies 0 doors 6 humans 2 gunpowder 0
--- 10 min (5.07 ms/tick) rain so far 11.2% strikes 2 maxZombies 1 shotCells 0
   Zeca · Watering a sapling · health 100% · hunger 19% · 30 planks, 2 foods, 3 tree seeds · stone axe, stone pickaxe, bucket, wooden sword · house stage 1 | Hi, Flor!
   Flor · Mining · health 100% · hunger 18% · 1 log, 40 planks, 17 foods, 4 tree seeds, 15 wheat seeds · wooden axe, stone pickaxe, bucket, wooden sword · house stage 1 | Hi, Zeca!
   wheat 6 ripe 2 fence 8 backwall 32 ladder 0 bed 6 rabbits 1 flowers 1 mushrooms 0 fireflies 0 bees 0 water 512 fire 0 zombies 0 doors 6 humans 2 gunpowder 0
--- 12 min (4.93 ms/tick) rain so far 10.9% strikes 3 maxZombies 1 shotCells 0
   Flor · At home · health 100% · hunger 43% · 38 planks, 1 stone, 18 foods, 4 tree seeds, 16 wheat seeds · wooden axe, stone pickaxe, bucket, stone sword · house stage 1 | Waiting out the rain
   Zeca · At home · health 100% · hunger 45% · 30 planks, 2 foods, 3 tree seeds · stone axe, stone pickaxe, bucket, wooden sword · house stage 1 | Waiting out the rain
   wheat 1 ripe 5 fence 8 backwall 29 ladder 0 bed 4 rabbits 1 flowers 1 mushrooms 0 fireflies 0 bees 0 water 482 fire 0 zombies 1 doors 6 humans 2 gunpowder 0
--- 14 min (4.91 ms/tick) rain so far 10.7% strikes 6 maxZombies 1 shotCells 0
   Zeca · Sleeping · health 100% · hunger 38% · 30 planks, 1 food, 3 tree seeds · stone axe, stone pickaxe, full bucket, wooden sword · house stage 1 | Zzz…
   Flor · Sleeping · health 100% · hunger 37% · 38 planks, 1 stone, 17 foods, 4 tree seeds, 16 wheat seeds · wooden axe, stone pickaxe, bucket, stone sword · house stage 1 | Zzz…
   wheat 0 ripe 5 fence 8 backwall 31 ladder 0 bed 5 rabbits 0 flowers 1 mushrooms 0 fireflies 0 bees 0 water 568 fire 0 zombies 1 doors 6 humans 2 gunpowder 0
--- 16 min (4.84 ms/tick) rain so far 9.4% strikes 6 maxZombies 2 shotCells 0
   Flor · Mining · health 100% · hunger 27% · 38 planks, 1 stone, 16 foods, 4 tree seeds, 16 wheat seeds · wooden axe, stone pickaxe, bucket, stone sword · house stage 1 | Can't get there…
   Zeca · At home · health 100% · hunger 29% · 30 planks, 3 tree seeds · stone axe, stone pickaxe, full bucket, wooden sword · house stage 1 | Relaxing at home
   wheat 0 ripe 5 fence 8 backwall 31 ladder 0 bed 5 rabbits 0 flowers 0 mushrooms 0 fireflies 0 bees 0 water 484 fire 0 zombies 1 doors 6 humans 2 gunpowder 0
--- 18 min (5.32 ms/tick) rain so far 10.4% strikes 6 maxZombies 2 shotCells 0
   Zeca · Sleeping · health 100% · hunger 55% · 30 planks, 3 tree seeds · stone axe, stone pickaxe, full bucket, wooden sword · house stage 1 | Zzz…
   Flor · Sleeping · health 100% · hunger 19% · 38 planks, 1 stone, 15 foods, 4 tree seeds, 16 wheat seeds · wooden axe, stone pickaxe, bucket, stone sword · house stage 1 | Zzz…
   wheat 0 ripe 4 fence 8 backwall 31 ladder 0 bed 5 rabbits 0 flowers 0 mushrooms 0 fireflies 1 bees 0 water 664 fire 0 zombies 1 doors 6 humans 2 gunpowder 0
--- 20 min (5.25 ms/tick) rain so far 11.0% strikes 13 maxZombies 2 shotCells 0
   Zeca · At home · health 100% · hunger 48% · 30 planks, 4 tree seeds · stone axe, stone pickaxe, full bucket, wooden sword · house stage 1 | Waiting out the rain
   Flor · At home · health 100% · hunger 48% · 34 planks, 1 stone, 15 foods, 4 tree seeds, 13 wheat seeds · wooden axe, stone pickaxe, bucket, stone sword · house stage 1 | Waiting out the rain
   wheat 0 ripe 2 fence 8 backwall 32 ladder 0 bed 6 rabbits 0 flowers 0 mushrooms 0 fireflies 0 bees 0 water 816 fire 0 zombies 1 doors 6 humans 2 gunpowder 0
1135× Relaxing at home
348× Zzz…
225× Can't get there…
139× Waiting out the rain
122× Mining stone
63× Sowing wheat
59× Harvesting wheat
40× Looking for seeds in the grass
39× Watering a sapling
31× Fetching water
31× Going fishing
31× Digging for stone
23× Heading home to sleep
21× Building my house %
17× Taking a walk
15× Chopping a tree
15× Picking fruit
11× A walk by torchlight
8× Fencing the field
6× Planting a tree
6× Swimming…
6× Hi, Zeca!
6× Hi, Flor!
2× Fetching water for the field
1× Rowing my boat
